Cannot automatically decide whether Type and CoNat unify